0
Stanford University
1 0
Computer Science
1 0
University of Oxford
403 Forbidden
2 0 1
Computer Science
2 0 1
Harvard University
1 0
University of Oxford
3 0 1
MIT
3 0 1
University of Cambridge
0 1 3
Stanford University
3 0 1
University of Cambridge
1 0
University of Oxford
4 0 1
Princeton University
4 0 1
Caltech
4 0 1
Carnegie Mellon University
4 0 1
UCLA
4 0 1
Yale University
4 0 1
Columbia University
https://www.ox.ac.uk/
https://acs.pub.ro/
403 Forbidden
403 Forbidden
