403 Forbidden
403 Forbidden
403 Forbidden
403 Forbidden
403 Forbidden
403 Forbidden
403 Forbidden
https://acs.pub.ro/
https://www.snu.ac.kr/
https://acs.pub.ro/
https://www.snu.ac.kr/
https://acs.pub.ro/
403 Forbidden
403 Forbidden
403 Forbidden
6 0 1 2 3 4 5
Stanford University
403 Forbidden
6 0 1 2 3 4 5
Stanford University
https://acs.pub.ro/
4 5 6 0 1 2 3
Computer Science
4 5 6 0 1 2 3
Computer Science
https://acs.pub.ro/
https://acs.pub.ro/
403 Forbidden
403 Forbidden
403 Forbidden
403 Forbidden
403 Forbidden
403 Forbidden
403 Forbidden
403 Forbidden
10 0 6 7 8 9
Computer Science
403 Forbidden
403 Forbidden
403 Forbidden
403 Forbidden
403 Forbidden
403 Forbidden
403 Forbidden
403 Forbidden
403 Forbidden
403 Forbidden
403 Forbidden
403 Forbidden
